// Jest Snapshot v1, https://goo.gl/fbAQLP

exports[`AllocatedWorkers component should render properly 1`] = `
<DocumentFragment>
  <div>
    <div
      class="lbh-table-header"
    >
      <h3
        class="govuk-fieldset__legend--m govuk-custom-text-color govuk-!-margin-top-0"
      >
        Allocated Worker 1
      </h3>
      <button
        class="govuk-button govuk-button--secondary"
        data-module="govuk-button"
      >
        Deallocate Worker
      </button>
    </div>
    <hr
      class="govuk-divider"
    />
    <div />
    <dl
      class="govuk-summary-list"
    >
      <div
        class="govuk-summary-list__row"
      >
        <dt
          class="govuk-summary-list__key"
        >
          Allocated Worker:
        </dt>
        <dd
          class="govuk-summary-list__value"
        >
          Officer Name
        </dd>
      </div>
      <div
        class="govuk-summary-list__row"
      >
        <dt
          class="govuk-summary-list__key"
        >
          Allocated Team
        </dt>
        <dd
          class="govuk-summary-list__value"
        >
          Safeguarding and Reviewing Team
        </dd>
      </div>
      <div
        class="govuk-summary-list__row"
      >
        <dt
          class="govuk-summary-list__key"
        >
          Role
        </dt>
        <dd
          class="govuk-summary-list__value"
        >
          Consultant Social Worker
        </dd>
      </div>
      <div
        class="govuk-summary-list__row"
      >
        <dt
          class="govuk-summary-list__key"
        >
          Start Date
        </dt>
        <dd
          class="govuk-summary-list__value"
        >
          3/28/2019
        </dd>
      </div>
      <div
        class="govuk-summary-list__row"
      >
        <dt
          class="govuk-summary-list__key"
        >
          End Date
        </dt>
        <dd
          class="govuk-summary-list__value"
        >
          3/28/2019
        </dd>
      </div>
    </dl>
    <div
      class="modal"
    >
      <button
        class="closeButton"
      >
        <svg
          class="cancel-icon"
          height="512pt"
          viewBox="0 0 512 512"
          width="512pt"
          xmlns="http://www.w3.org/2000/svg"
        >
          <path
            d="m256 0c-141.164062 0-256 114.835938-256 256s114.835938 256 256 256 256-114.835938 256-256-114.835938-256-256-256zm0 0"
            fill="#b1b4b6"
          />
          <path
            d="m350.273438 320.105469c8.339843 8.34375 8.339843 21.824219 0 30.167969-4.160157 4.160156-9.621094 6.25-15.085938 6.25-5.460938 0-10.921875-2.089844-15.082031-6.25l-64.105469-64.109376-64.105469 64.109376c-4.160156 4.160156-9.621093 6.25-15.082031 6.25-5.464844 0-10.925781-2.089844-15.085938-6.25-8.339843-8.34375-8.339843-21.824219 0-30.167969l64.109376-64.105469-64.109376-64.105469c-8.339843-8.34375-8.339843-21.824219 0-30.167969 8.34375-8.339843 21.824219-8.339843 30.167969 0l64.105469 64.109376 64.105469-64.109376c8.34375-8.339843 21.824219-8.339843 30.167969 0 8.339843 8.34375 8.339843 21.824219 0 30.167969l-64.109376 64.105469zm0 0"
            fill="#fafafa"
          />
        </svg>
      </button>
      <div>
        <form>
          <h1
            class="govuk-heading-l"
          >
            Reason for worker deallocation
          </h1>
          <p
            class="govuk-body govuk-!-font-weight-bold"
          >
            Person: 
          </p>
          <h2>
            Deallocation details
          </h2>
          <ul
            class="govuk-list"
          >
            <li>
              <span
                class="govuk-!-font-weight-bold"
              >
                 Worker to be deallocated:
              </span>
               , , 
            </li>
          </ul>
          <div
            class="govuk-warning-text"
          >
            <span
              aria-hidden="true"
              class="govuk-warning-text__icon"
            >
              !
            </span>
            <strong
              class="govuk-warning-text__text"
            >
              <span
                class="govuk-warning-text__assistive"
              >
                Warning
              </span>
              This person will be unallocated when this worker is deallocated
            </strong>
          </div>
          <h2>
            What is the reason for this worker to be deallocated?
          </h2>
          <div
            class="govuk-form-group"
          >
            <textarea
              aria-describedby="DeallocationReason-hint DeallocationReason-error"
              class="govuk-textarea"
              id="DeallocationReason"
              name="DeallocationReason"
              rows="5"
            />
          </div>
          <button
            class="govuk-button"
            data-module="govuk-button"
            id="but1"
            type="submit"
          >
            Save deallocation
          </button>
        </form>
      </div>
    </div>
  </div>
</DocumentFragment>
`;
