// Jest Snapshot v1, https://goo.gl/fbAQLP

exports[`DashboardWrapper should render properly 1`] = `
<DocumentFragment>
  <div>
    <div
      class=""
    >
      <h1
        class="govuk-heading-l"
      >
        My work space
      </h1>
    </div>
    <div
      class="govuk-!-margin-top-7"
    >
      <span
        class="govuk-error-message"
      >
        <span
          class="govuk-visually-hidden"
        >
          Error:
        </span>
         Oops an error occurred
      </span>
    </div>
    <div
      class="govuk-!-margin-top-7"
    >
      <div
        class="govuk-tabs lbh-tabs"
      >
        <h2
          class="govuk-tabs__title"
        >
          Dashboard
        </h2>
        <ul
          class="govuk-tabs__list"
        >
          <li
            class="govuk-tabs__list-item"
          >
            <a
              class="govuk-tabs__tab"
              href="/"
            >
              Clients allocated
            </a>
          </li>
          <li
            class="govuk-tabs__list-item"
          >
            <a
              class="govuk-tabs__tab"
              href="/forms-in-progress"
            >
              Forms to complete
            </a>
          </li>
          <li
            class="govuk-tabs__list-item"
          >
            <a
              class="govuk-tabs__tab"
              href="/my-records"
            >
              Records I've added
            </a>
          </li>
        </ul>
        <div
          class="govuk-tabs__panel"
        >
          <div>
            foo
          </div>
        </div>
      </div>
    </div>
  </div>
</DocumentFragment>
`;
