// Jest Snapshot v1, https://goo.gl/fbAQLP

exports[`MyData should render a worker's data only if a worker is available 1`] = `
<DocumentFragment>
  <div
    class="myData"
  >
    <h2
      class="lbh-heading-h5"
    >
      Foo Bar
    </h2>
    <p
      class="lbh-body-s"
    >
      foo.bar@hackney.gov.uk
    </p>
    <p
      class="lbh-body-xs"
    >
      aliquam · Admin
    </p>
  </div>
</DocumentFragment>
`;

exports[`MyData should render nothing if the API returns a 500 1`] = `<DocumentFragment />`;

exports[`MyData should render nothing when there is no worker for the current user 1`] = `<DocumentFragment />`;
