// Jest Snapshot v1, https://goo.gl/fbAQLP

exports[`Header component should set active the correct link 1`] = `
<DocumentFragment>
  <header
    class="govuk-header"
    data-module="govuk-header"
    role="banner"
  >
    <div
      class="govuk-header__container"
    >
      <div
        class="govuk-width-container"
      >
        <div
          class="govuk-header__logo"
        >
          <a
            class="govuk-header__link govuk-header__link--homepage"
            href="/"
          >
            <span
              class="govuk-header__logotype"
            >
              MockedLogo
            </span>
          </a>
        </div>
        <div
          class="govuk-header__content"
        >
          <a
            class="govuk-header__link govuk-header__link--service-name"
            href="/"
          >
            Foo Admin
          </a>
          <button
            aria-controls="navigation"
            aria-label="Show or hide navigation menu"
            class="govuk-header__menu-button govuk-js-header-toggle"
            type="button"
          >
            Menu
          </button>
          <nav>
            <ul
              aria-label="Navigation menu"
              class="govuk-header__navigation "
              id="navigation"
            >
              <li
                class="govuk-header__navigation-item"
              >
                <a
                  class="govuk-header__link"
                  href="/search"
                >
                  Search
                </a>
              </li>
              <li
                class="govuk-header__navigation-item govuk-header__navigation-item--active"
              >
                <a
                  class="govuk-header__link"
                  href="/"
                >
                  My work space
                </a>
              </li>
              <li
                class="govuk-header__navigation-item"
              >
                <a
                  class="govuk-header__link"
                  href="/logout"
                >
                  Logout
                </a>
              </li>
            </ul>
          </nav>
        </div>
      </div>
    </div>
  </header>
</DocumentFragment>
`;
