// Jest Snapshot v1, https://goo.gl/fbAQLP

exports[`Detail Confirmation component should render properly 1`] = `
<DocumentFragment>
  <div
    class="govuk-panel govuk-panel--confirmation lbh-panel govuk-!-margin-bottom-9"
  >
    <h1
      class="govuk-panel__title"
    >
      Done!
    </h1>
  </div>
  <div
    style="display: flex; justify-content: space-between;"
  >
    <button
      class="lbh-button govuk-button lbh-button--secondary"
      data-module="govuk-button"
      style="min-width: 200px;"
    >
      Return to search
    </button>
    <button
      class="lbh-button govuk-button"
      data-module="govuk-button"
      style="min-width: 200px;"
    >
      View person
    </button>
  </div>
</DocumentFragment>
`;
