// Jest Snapshot v1, https://goo.gl/fbAQLP

exports[`Summary component should render properly 1`] = `
<DocumentFragment>
  <div>
    <div
      class="lbh-table-header"
    >
      <h2
        class="govuk-fieldset__legend--l gov-weight-lighter "
      >
        Review details
      </h2>
    </div>
    <div
      class="govuk-!-margin-bottom-7"
    >
      <div
        class="lbh-table-header"
      >
        <div
          class="sectionTitle"
        >
          <h3
            class="govuk-heading-m govuk-custom-text-color govuk-!-margin-bottom-0"
          >
            FOO BAR
          </h3>
          <a
            class="govuk-link"
            href="/foo/bar-foofoo-bar?fromSummary=true"
          >
            Edit
          </a>
        </div>
      </div>
      <hr
        class="govuk-divider"
      />
      <dl
        class="govuk-summary-list"
      >
        <div
          class="govuk-summary-list__row"
        >
          <dt
            class="govuk-summary-list__key"
          >
            Foo
          </dt>
          <dd
            class="govuk-summary-list__value"
          >
            foo
          </dd>
        </div>
      </dl>
    </div>
    <div
      style="display: flex; justify-content: space-between;"
    >
      <button
        class="lbh-button govuk-button lbh-button--secondary govuk-button"
        data-module="govuk-button"
        style="min-width: 200px;"
      >
        Cancel
      </button>
      <button
        class="lbh-button govuk-button govuk-button"
        data-module="govuk-button"
        style="min-width: 200px;"
      >
        Submit
      </button>
    </div>
  </div>
</DocumentFragment>
`;
