// Jest Snapshot v1, https://goo.gl/fbAQLP

exports[`Summary component should render properly 1`] = `
<DocumentFragment>
  <div>
    <h2
      class="lbh-heading-h1 govuk-!-margin-bottom-7"
    >
      Review details
    </h2>
    <div
      class="govuk-!-margin-bottom-7"
    >
      <div
        class="lbh-table-header"
      >
        <h3
          class="lbh-heading-h2 section-heading"
        >
          Foo Bar
        </h3>
        <a
          class="lbh-link"
          href="/foo/bar-foofoo-bar?fromSummary=true"
        >
          Edit
        </a>
      </div>
      <dl
        class="govuk-summary-list  lbh-summary-list"
      >
        <div
          class="govuk-summary-list__row"
        >
          <dt
            class="govuk-summary-list__key"
          >
            Foo
          </dt>
          <dd
            class="govuk-summary-list__value"
          >
            foo
          </dd>
        </div>
      </dl>
    </div>
    <div
      style="display: flex; justify-content: space-between;"
    >
      <button
        class="govuk-button lbh-button govuk-button--secondary lbh-button--secondary govuk-button"
        data-module="govuk-button"
        style="min-width: 200px;"
      >
        Cancel
      </button>
      <button
        class="govuk-button lbh-button govuk-button"
        data-module="govuk-button"
        style="min-width: 200px;"
      >
        Submit
      </button>
    </div>
  </div>
</DocumentFragment>
`;
