// Jest Snapshot v1, https://goo.gl/fbAQLP

exports[`ExpandDetails should render properly 1`] = `
<DocumentFragment>
  <section
    class="lbh-collapsible govuk-!-margin-bottom-8"
  >
    <span
      aria-expanded="false"
      class="lbh-collapsible__button null"
      data-testid="expand_details"
    >
      <h2
        class="lbh-heading-h2 lbh-collapsible__heading"
      >
        Show intructions
      </h2>
      <span
        class="govuk-link govuk-link--underline trigger"
      >
        Show guidance
      </span>
    </span>
  </section>
</DocumentFragment>
`;
