// Jest Snapshot v1, https://goo.gl/fbAQLP

exports[`CasesTable component should render properly 1`] = `
<DocumentFragment>
  <table
    class="govuk-table"
  >
    <tbody
      class="govuk-table__body"
    >
      <tr
        class="govuk-table__row"
      >
        <td
          class="govuk-table__cell govuk--timestamp"
        >
          25 Oct 2020 
        </td>
        <td
          class="govuk-table__cell"
        >
          foorm
        </td>
        <td
          class="govuk-table__cell"
        >
          - created by Fname.Lname@hackney.gov.uk
        </td>
        <td
          class="govuk-table__cell govuk-button--secondary'"
        >
          <a
            class="govuk-link govuk-custom-text-color"
            href="#"
          >
            View
          </a>
        </td>
      </tr>
    </tbody>
  </table>
</DocumentFragment>
`;
