// Jest Snapshot v1, https://goo.gl/fbAQLP

exports[`AddAllocatedWorker should render properly 1`] = `
<DocumentFragment>
  <form
    role="form"
  >
    <div
      aria-expanded="true"
      aria-haspopup="listbox"
      aria-labelledby="downshift-0-label"
      aria-owns="downshift-0-menu"
      class="lbh-form-group govuk-form-group"
      role="combobox"
    >
      <label
        class="govuk-label lbh-label"
        id="downshift-0-label"
      >
        Select a team to view workers for that team 
      </label>
      <div
        class="inputContainer"
      >
        <input
          aria-autocomplete="list"
          aria-controls="downshift-0-menu"
          aria-labelledby="downshift-0-label"
          autocomplete="off"
          class="lbh-input govuk-input govuk-input--width-20 "
          data-testid="teamId"
          id="teamId"
          placeholder="Select or type team name"
          value="Team 3"
        />
        <button
          aria-haspopup="true"
          aria-label="toggle menu"
          class="button"
          data-toggle="true"
          role="button"
          type="button"
        >
          <svg
            fill="none"
            height="10"
            viewBox="0 0 17 10"
            width="17"
          >
            <path
              d="M2 1.5L8.5 7.5L15 1.5"
              stroke="#0B0C0C"
              stroke-width="3"
            />
          </svg>
        </button>
        <ul
          aria-labelledby="downshift-0-label"
          class="list"
          id="downshift-0-menu"
          role="listbox"
          style="border-bottom: 1px solid #aaa;"
        >
          <li
            aria-selected="false"
            class="option"
            data-testid="teamId_0"
            id="downshift-0-item-0"
            role="option"
            style="color: rgb(0, 0, 0); background-color: rgb(255, 255, 255);"
          >
            Team 3
          </li>
        </ul>
      </div>
    </div>
    <h2>
       workers
    </h2>
    <p
      class="govuk-body"
    >
      Select a worker to allocate a case to them. You can view more about a worker’s current allocated cases by selecting their name.
    </p>
    <table
      class="govuk-table"
    >
      <thead
        class="govuk-table__head"
      >
        <tr
          class="govuk-table__row"
        >
          <th
            class="govuk-table__header"
            scope="col"
            style="width: 4rem;"
          >
            Select
          </th>
          <th
            class="govuk-table__header"
            scope="col"
          >
            Name
          </th>
          <th
            class="govuk-table__header govuk-table__header--numeric"
            scope="col"
          >
            Total Cases
          </th>
        </tr>
      </thead>
      <tbody
        class="govuk-table__body"
      >
        <tr
          class="govuk-table__row govuk-radios"
        >
          <td
            class="govuk-table__cell"
          >
            <div
              class="govuk-radios__item"
            >
              <input
                aria-labelledby="worker_9"
                class="govuk-radios__input"
                name="workerId"
                type="radio"
                value="9"
              />
              <label
                class="lbh-label govuk-label govuk-radios__label"
              />
            </div>
          </td>
          <td
            class="govuk-table__cell lbh-table__cell--va-middle"
          >
            <a
              class="govuk-link"
              href="/workers/9"
              id="worker_9"
            >
              Worker A
            </a>
          </td>
          <td
            class="govuk-table__cell govuk-table__cell--numeric"
          >
            3
          </td>
        </tr>
        <tr
          class="govuk-table__row govuk-radios"
        >
          <td
            class="govuk-table__cell"
          >
            <div
              class="govuk-radios__item"
            >
              <input
                aria-labelledby="worker_8"
                class="govuk-radios__input"
                name="workerId"
                type="radio"
                value="8"
              />
              <label
                class="lbh-label govuk-label govuk-radios__label"
              />
            </div>
          </td>
          <td
            class="govuk-table__cell lbh-table__cell--va-middle"
          >
            <a
              class="govuk-link"
              href="/workers/8"
              id="worker_8"
            >
              Worker B
            </a>
          </td>
          <td
            class="govuk-table__cell govuk-table__cell--numeric"
          >
            0
          </td>
        </tr>
        <tr
          class="govuk-table__row govuk-radios"
        >
          <td
            class="govuk-table__cell"
          >
            <div
              class="govuk-radios__item"
            >
              <input
                aria-labelledby="worker_7"
                class="govuk-radios__input"
                name="workerId"
                type="radio"
                value="7"
              />
              <label
                class="lbh-label govuk-label govuk-radios__label"
              />
            </div>
          </td>
          <td
            class="govuk-table__cell lbh-table__cell--va-middle"
          >
            <a
              class="govuk-link"
              href="/workers/7"
              id="worker_7"
            >
              Worker C
            </a>
          </td>
          <td
            class="govuk-table__cell govuk-table__cell--numeric"
          >
            1
          </td>
        </tr>
      </tbody>
    </table>
    <fieldset
      aria-describedby="allocationStartDate-hint"
      class="lbh-form-group govuk-form-group"
    >
      <legend
        class="govuk-label"
      >
        Allocation Start Date: 
      </legend>
      <span
        class="lbh-hint"
        id="allocationStartDate-hint"
      />
      <div
        class="lbh-date-input govuk-date-input"
        id="allocationStartDate"
      >
        <div
          class="lbh-date-input govuk-date-input__item"
        >
          <div
            class="lbh-form-group govuk-form-group"
          >
            <label
              class="lbh-label govuk-date-input__label"
              for="allocationStartDate-day"
            >
              Day
            </label>
            <input
              class="lbh-date-input govuk-input govuk-input--width-2"
              id="allocationStartDate-day"
              inputmode="numeric"
              name="allocationStartDate-day"
              pattern="^\\\\d{2}$"
              value=""
            />
          </div>
        </div>
        <div
          class="lbh-date-input govuk-date-input__item"
        >
          <div
            class="lbh-form-group govuk-form-group"
          >
            <label
              class="lbh-label govuk-date-input__label"
              for="allocationStartDate-month"
            >
              Month
            </label>
            <input
              class="lbh-input govuk-input govuk-date-input__input govuk-input--width-2"
              id="allocationStartDate-month"
              inputmode="numeric"
              name="allocationStartDate-month"
              pattern="^\\\\d{2}$"
              value=""
            />
          </div>
        </div>
        <div
          class="lbh-date-input govuk-date-input__item"
        >
          <div
            class="lbh-form-group govuk-form-group"
          >
            <label
              class="lbh-label  govuk-date-input__label"
              for="allocationStartDate-year"
            >
              Year
            </label>
            <input
              class="lbh-input govuk-input govuk-date-input__input govuk-input--width-4"
              id="allocationStartDate-year"
              inputmode="numeric"
              name="allocationStartDate-year"
              pattern="^\\\\d{4}$"
              value=""
            />
          </div>
        </div>
      </div>
    </fieldset>
    <button
      class="lbh-button govuk-button"
      data-module="govuk-button"
      type="submit"
    >
      Allocate worker
    </button>
  </form>
</DocumentFragment>
`;
