// Jest Snapshot v1, https://goo.gl/fbAQLP

exports[`AddAllocatedWorker should render properly 1`] = `
<DocumentFragment>
  <form
    role="form"
  >
    <div
      class="govuk-form-group"
    >
      <label
        class="govuk-label govuk-label--m"
        for="teamId"
      >
        Select a team to view workers for that team 
      </label>
      <div
        class="govuk-radios"
      >
        <div
          class="govuk-radios__item"
        >
          <input
            class="govuk-radios__input"
            id="teamId_1"
            name="teamId"
            type="radio"
            value="1"
          />
          <label
            class="govuk-label govuk-radios__label"
            for="teamId_1"
          >
            Team 1
          </label>
        </div>
        <div
          class="govuk-radios__item"
        >
          <input
            class="govuk-radios__input"
            id="teamId_2"
            name="teamId"
            type="radio"
            value="2"
          />
          <label
            class="govuk-label govuk-radios__label"
            for="teamId_2"
          >
            Team 2
          </label>
        </div>
        <div
          class="govuk-radios__item"
        >
          <input
            class="govuk-radios__input"
            id="teamId_3"
            name="teamId"
            type="radio"
            value="3"
          />
          <label
            class="govuk-label govuk-radios__label"
            for="teamId_3"
          >
            Team 3
          </label>
        </div>
      </div>
    </div>
    <h2>
       workers
    </h2>
    <p
      class="govuk-body"
    >
      Select a worker to allocate a case to them. You can view more about a worker’s current allocated cases by selecting their name.
    </p>
    <table
      class="govuk-table"
    >
      <thead
        class="govuk-table__head"
      >
        <tr
          class="govuk-table__row"
        >
          <th
            class="govuk-table__header"
            scope="col"
            style="width: 4rem;"
          >
            Select
          </th>
          <th
            class="govuk-table__header"
            scope="col"
          >
            Name
          </th>
          <th
            class="govuk-table__header govuk-table__header--numeric"
            scope="col"
          >
            Total Cases
          </th>
        </tr>
      </thead>
      <tbody
        class="govuk-table__body"
      >
        <tr
          class="govuk-table__row govuk-radios"
        >
          <td
            class="govuk-table__cell"
          >
            <div
              class="govuk-radios__item"
            >
              <input
                aria-labelledby="worker_a"
                class="govuk-radios__input"
                name="workerId"
                type="radio"
                value="a"
              />
              <label
                class="govuk-label govuk-radios__label"
              />
            </div>
          </td>
          <td
            class="govuk-table__cell lbh-table__cell--va-middle"
          >
            <a
              class="govuk-link"
              href="/workers/a"
              id="worker_a"
            >
              Worker A
            </a>
          </td>
          <td
            class="govuk-table__cell govuk-table__cell--numeric"
          >
            3
          </td>
        </tr>
        <tr
          class="govuk-table__row govuk-radios"
        >
          <td
            class="govuk-table__cell"
          >
            <div
              class="govuk-radios__item"
            >
              <input
                aria-labelledby="worker_b"
                class="govuk-radios__input"
                name="workerId"
                type="radio"
                value="b"
              />
              <label
                class="govuk-label govuk-radios__label"
              />
            </div>
          </td>
          <td
            class="govuk-table__cell lbh-table__cell--va-middle"
          >
            <a
              class="govuk-link"
              href="/workers/b"
              id="worker_b"
            >
              Worker B
            </a>
          </td>
          <td
            class="govuk-table__cell govuk-table__cell--numeric"
          />
        </tr>
        <tr
          class="govuk-table__row govuk-radios"
        >
          <td
            class="govuk-table__cell"
          >
            <div
              class="govuk-radios__item"
            >
              <input
                aria-labelledby="worker_c"
                class="govuk-radios__input"
                name="workerId"
                type="radio"
                value="c"
              />
              <label
                class="govuk-label govuk-radios__label"
              />
            </div>
          </td>
          <td
            class="govuk-table__cell lbh-table__cell--va-middle"
          >
            <a
              class="govuk-link"
              href="/workers/c"
              id="worker_c"
            >
              Worker C
            </a>
          </td>
          <td
            class="govuk-table__cell govuk-table__cell--numeric"
          />
        </tr>
      </tbody>
    </table>
    <button
      class="govuk-button"
      data-module="govuk-button"
      type="submit"
    >
      Allocate worker
    </button>
  </form>
</DocumentFragment>
`;
