// Jest Snapshot v1, https://goo.gl/fbAQLP

exports[`Layout component should render properly 1`] = `
<DocumentFragment>
  <a
    class="govuk-skip-link"
    href="#content"
  >
    Skip to main content
  </a>
  HeaderMockedPhaseBanner
  <section
    class="lbh-announcement lbh-announcement--site lbh-announcement--site--warning"
  >
    <div
      class="lbh-container"
    >
      <h3
        class="lbh-announcement__title"
      >
        DO 
        <span
          class="underline"
        >
          NOT
        </span>
         RECORD HERE !
      </h3>
      <div
        class="lbh-announcement__content"
      >
        <p>
          All information needs to be entered onto Mosaic only.
          <br />
          See the 
          <a
            href="https://intranet.hackney.gov.uk/mosaic-for-adults-social-care"
          >
             Adults Social Care Mosaic Pages 
          </a>
           on the intranet
        </p>
      </div>
    </div>
  </section>
  <div
    class="govuk-width-container"
  >
    <main
      class="govuk-main-wrapper"
      id="content"
      role="main"
    >
      <p>
        I am the children
      </p>
    </main>
  </div>
  <footer
    class="footer"
    role="contentinfo"
  >
    <div
      class="govuk-width-container"
    >
      <nav
        class="links"
      >
        <a
          href="https://sites.google.com/hackney.gov.uk/moderntoolsforsocialcare"
        >
          Roadmap
        </a>
        <a
          href="https://docs.google.com/forms/d/e/1FAIpQLScILbPD1ioKHzp1D3HN4_DKaxV2tpWLMu8upSSqNgSPCo85cg/viewform"
        >
          Give feedback
        </a>
      </nav>
      <div
        class="meta"
      >
        Built and maintained by HackIT.
      </div>
    </div>
  </footer>
</DocumentFragment>
`;
