// Jest Snapshot v1, https://goo.gl/fbAQLP

exports[`workerSelect should render properly 1`] = `
<DocumentFragment>
  <div
    class="govuk-form-group lbh-form-group"
  >
    <fieldset
      class="govuk-fieldset"
    >
      <legend
        class="govuk-label lbh-label"
      >
        Matching workers
      </legend>
      <div
        class="govuk-radios govuk-radios--small lbh-radios workerList"
      >
        <div
          class="govuk-radios__item workerResult"
        >
          <input
            aria-describedby="person-1-hint"
            class="govuk-radios__input"
            id="person-1"
            name="person"
            type="radio"
            value="1"
          />
          <label
            class="govuk-radios__label lbh-body-s name"
            for="person-1"
          >
            Fake Worker
          </label>
        </div>
      </div>
    </fieldset>
  </div>
</DocumentFragment>
`;
