// Jest Snapshot v1, https://goo.gl/fbAQLP

exports[`MainSearchWrapper should render properly 1`] = `
<DocumentFragment>
  <h1
    class="lbh-heading-l"
  >
    Search
  </h1>
  <p
    class="lbh-body govuk-!-margin-bottom-3"
  >
    Use search to find a person before adding a new person or record.
  </p>
  <div
    class="govuk-tabs lbh-tabs"
  >
    <h2
      class="govuk-tabs__title"
    >
      Contents
    </h2>
    <ul
      class="tabList"
    >
      <li
        class="lbh-body tab"
      >
        <a
          class="lbh-link lbh-link--no-visited-state link"
          href="/search"
        >
          Search for a person
        </a>
      </li>
      <li
        class="lbh-body tab"
      >
        <a
          class="lbh-link lbh-link--no-visited-state link"
          href="/cases"
        >
          Search for records
        </a>
      </li>
    </ul>
    MockedSearch
  </div>
</DocumentFragment>
`;
