// Jest Snapshot v1, https://goo.gl/fbAQLP

exports[`ResultTable component should render properly 1`] = `
<DocumentFragment>
  <table
    class="govuk-table"
  >
    <caption
      class="govuk-table__caption"
    >
      <h2
        class="govuk-fieldset__legend--m govuk-custom-text-color"
      >
        PEOPLE SEARCH RESULT
      </h2>
      <hr
        class="govuk-divider"
      />
    </caption>
    <thead
      class="govuk-table__head"
    >
      <tr
        class="govuk-table__row"
      >
        <th
          class="govuk-table__header"
          scope="col"
        >
          Mosaic ID
        </th>
        <th
          class="govuk-table__header"
          scope="col"
        >
          Client Name
        </th>
        <th
          class="govuk-table__header"
          scope="col"
        >
          Date of birth
        </th>
        <th
          class="govuk-table__header"
          scope="col"
        />
      </tr>
    </thead>
    <tbody
      class="govuk-table__body"
    >
      <tr
        class="govuk-table__row"
      >
        <td
          class="govuk-table__cell"
        >
          foo
        </td>
        <td
          class="govuk-table__cell"
        >
          Fname Lname
        </td>
        <td
          class="govuk-table__cell"
        >
          23/02/1978
        </td>
        <td
          class="govuk-table__cell"
        >
          <a
            class="govuk-link govuk-custom-text-color "
            href="/people/foo"
          >
            View
          </a>
        </td>
      </tr>
    </tbody>
  </table>
</DocumentFragment>
`;
