// Jest Snapshot v1, https://goo.gl/fbAQLP

exports[`DynamicStep component should render properly 1`] = `
<DocumentFragment>
  <form>
    <div
      class="govuk-form-group lbh-form-group"
    >
      <div
        class="govuk-form-group lbh-form-group"
      >
        <label
          class="lbh-label govuk-label govuk-label--m"
          for="bar_input"
        >
          Foo
        </label>
        <input
          class="govuk-input lbh-input govuk-input--width-30"
          data-testid="bar_input"
          id="bar_input"
          name="bar_input"
          type="text"
        />
      </div>
    </div>
    <div
      class="actions"
    >
      <button
        class="govuk-button lbh-button"
        data-module="govuk-button"
        type="submit"
      >
        Continue
      </button>
      <button
        class="govuk-button lbh-button govuk-button--secondary lbh-button--secondary"
        data-module="govuk-button"
        type="button"
      >
        Save and finish later
      </button>
    </div>
  </form>
</DocumentFragment>
`;
