// Jest Snapshot v1, https://goo.gl/fbAQLP

exports[`DynamicStep component should render properly 1`] = `
<DocumentFragment>
  <form>
    <div
      class="govuk-form-group"
    >
      <div
        class="govuk-form-group"
      >
        <div
          class="govuk-form-group"
        >
          <label
            class="govuk-label govuk-label--m"
            for="bar_input"
          >
            Foo 
          </label>
          <input
            class="govuk-input govuk-input--width-30"
            data-testid="bar_input"
            id="bar_input"
            name="bar_input"
            type="text"
          />
        </div>
      </div>
    </div>
    <div
      style="display: flex; justify-content: space-between;"
    >
      <div>
        <button
          class="govuk-button govuk-button--secondary"
          data-module="govuk-button"
          style="min-width: 200px;"
          type="button"
        >
          Save and finish later
        </button>
        <a
          class="govuk-link"
          href="/"
          style="margin-left: 1.5rem; line-height: 2.5rem;"
        >
          Cancel
        </a>
      </div>
      <button
        class="govuk-button govuk-!-margin-left-1"
        data-module="govuk-button"
        style="min-width: 200px;"
        type="submit"
      >
        Continue
      </button>
    </div>
  </form>
</DocumentFragment>
`;
