// Jest Snapshot v1, https://goo.gl/fbAQLP

exports[`ObjectInput should render properly 1`] = `
<DocumentFragment>
  <div
    class="govuk-form-group govuk-!-margin-bottom-0"
  >
    <label
      class="lbh-label govuk-label--m"
    >
      i am a object input
    </label>
    <span
      class="govuk-hint"
      id="oo-hint"
    >
      i accept multiple inputs
    </span>
    <div
      class="inlineInputs"
    >
      MockedDynamicInputMockedDynamicInputMockedDynamicInput
    </div>
  </div>
</DocumentFragment>
`;
