// Jest Snapshot v1, https://goo.gl/fbAQLP

exports[`Autocomplete should render properly 1`] = `
<DocumentFragment>
  <div
    aria-expanded="true"
    aria-haspopup="listbox"
    aria-labelledby="downshift-0-label"
    aria-owns="downshift-0-menu"
    class="lbh-form-group govuk-form-group"
    role="combobox"
  >
    <label
      class="govuk-label lbh-label"
      id="downshift-0-label"
    >
      Foo 
    </label>
    <div
      class="inputContainer"
    >
      <input
        aria-autocomplete="list"
        aria-controls="downshift-0-menu"
        aria-labelledby="downshift-0-label"
        autocomplete="off"
        class="lbh-input govuk-input govuk-input--width-20 "
        data-testid="autocomplete"
        id="autocomplete"
        placeholder="Foo bar"
        value=""
      />
      <button
        aria-haspopup="true"
        aria-label="toggle menu"
        class="button"
        data-toggle="true"
        role="button"
        type="button"
      >
        <svg
          fill="none"
          height="10"
          viewBox="0 0 17 10"
          width="17"
        >
          <path
            d="M2 1.5L8.5 7.5L15 1.5"
            stroke="#0B0C0C"
            stroke-width="3"
          />
        </svg>
      </button>
      <ul
        aria-labelledby="downshift-0-label"
        class="list"
        id="downshift-0-menu"
        role="listbox"
        style="border-bottom: 1px solid #aaa;"
      >
        <li
          aria-selected="false"
          class="option"
          data-testid="autocomplete_0"
          id="downshift-0-item-0"
          role="option"
          style="color: rgb(0, 0, 0); background-color: rgb(255, 255, 255);"
        >
          bar
        </li>
        <li
          aria-selected="false"
          class="option"
          data-testid="autocomplete_1"
          id="downshift-0-item-1"
          role="option"
          style="color: rgb(0, 0, 0); background-color: rgb(255, 255, 255);"
        >
          foo
        </li>
      </ul>
    </div>
  </div>
</DocumentFragment>
`;
