// Jest Snapshot v1, https://goo.gl/fbAQLP

exports[`AddForm component should render children forms 1`] = `
<DocumentFragment>
  <div>
    <div
      class="govuk-form-group"
      style="display: inline-block;"
    >
      <label
        class="govuk-label govuk-label--m"
        for="category"
      >
        Choose a form category 
      </label>
      <select
        class="govuk-select"
        data-testid="category"
        id="category"
        name="category"
      >
        <option
          value=""
        >
          Choose one
        </option>
        <option
          value="General"
        >
          General
        </option>
        <option
          value="FAST"
        >
          FAST
        </option>
      </select>
    </div>
    <div
      class="govuk-form-group"
      style="display: inline-block; margin-left: 40px;"
    >
      <label
        class="govuk-label govuk-label--m"
        for="formList"
      >
        Choose a form 
      </label>
      <select
        class="govuk-select"
        data-testid="formList"
        id="formList"
        name="formList"
      >
        <option
          value=""
        >
          Choose one
        </option>
      </select>
    </div>
  </div>
  <button
    class="govuk-button govuk-link-button govuk-!-margin-bottom-3"
    data-module="govuk-button"
    draggable="false"
    href="#"
    role="button"
  >
    Load form
  </button>
</DocumentFragment>
`;
