// Jest Snapshot v1, https://goo.gl/fbAQLP

exports[`AddForm component should render children forms 1`] = `
<DocumentFragment>
  <div
    class="govuk-form-group"
  >
    <div
      class="govuk-form-group govuk-grid-column-undefined"
    >
      <label
        class="govuk-label govuk-label--m"
        for="formList"
      >
        Choose a form 
      </label>
      <div
        aria-expanded="true"
        aria-haspopup="listbox"
        aria-labelledby="downshift-1-label"
        aria-owns="downshift-1-menu"
        class="inputContainer"
        role="combobox"
      >
        <input
          aria-autocomplete="list"
          aria-controls="downshift-1-menu"
          aria-labelledby="downshift-1-label"
          autocomplete="off"
          class="govuk-input govuk-input--width-20"
          data-testid="formList"
          id="formList"
          name="formList.autocomplete"
          placeholder="Select or type form name"
          style="border-color: #000;"
          value=""
        />
      </div>
      <ul
        aria-labelledby="downshift-1-label"
        class="suggestionList"
        id="downshift-1-menu"
        role="listbox"
        style="border-bottom: 1px solid #aaa;"
      >
        <li
          aria-selected="false"
          class="suggestion"
          data-testid="formList_0"
          id="downshift-1-item-0"
          role="option"
          style="color: rgb(0, 0, 0); background-color: rgb(255, 255, 255); font-weight: normal;"
        >
          Bar - Child
        </li>
        <li
          aria-selected="false"
          class="suggestion"
          data-testid="formList_1"
          id="downshift-1-item-1"
          role="option"
          style="color: rgb(0, 0, 0); background-color: rgb(255, 255, 255); font-weight: normal;"
        >
          Foo - Child
        </li>
      </ul>
    </div>
  </div>
  <button
    class="govuk-button"
    data-module="govuk-button"
  >
    Load form
  </button>
</DocumentFragment>
`;
