// Jest Snapshot v1, https://goo.gl/fbAQLP

exports[`AllocatedCasesTable component should render records properly 1`] = `
<DocumentFragment>
  <table
    class="govuk-table"
  >
    <thead
      class="govuk-table__head"
    >
      <tr
        class="govuk-table__row"
      >
        <th
          class="govuk-table__header"
        >
          Person ID
        </th>
        <th
          class="govuk-table__header"
        >
          Client name
        </th>
        <th
          class="govuk-table__header"
        >
          Date of birth
        </th>
        <th
          class="govuk-table__header"
        >
          Assessment type
        </th>
        <th
          class="govuk-table__header"
        >
          Date allocated
        </th>
      </tr>
    </thead>
    <tbody
      class="govuk-table__body"
    >
      <tr
        class="govuk-table__row"
      >
        <td
          class="govuk-table__cell"
        >
          1234 
        </td>
        <td
          class="govuk-table__cell"
        >
          <a
            class="govuk-link"
            href="/residents/1234"
          >
            foo
          </a>
        </td>
        <td
          class="govuk-table__cell"
        >
          20/03/2020
        </td>
        <td
          class="govuk-table__cell"
        >
          Consultant Social Worker
        </td>
        <td
          class="govuk-table__cell"
        >
          28/03/2019
        </td>
      </tr>
    </tbody>
  </table>
</DocumentFragment>
`;
