// Jest Snapshot v1, https://goo.gl/fbAQLP

exports[`AllocatedCasesTable component should render records properly 1`] = `
<DocumentFragment>
  <table
    class="govuk-table"
  >
    <thead
      class="govuk-table__head"
    >
      <tr
        class="govuk-table__row"
      >
        <th
          class="govuk-table__header"
        >
          Person
        </th>
        <th
          class="govuk-table__header"
        >
          Name
        </th>
        <th
          class="govuk-table__header"
        >
          Address
        </th>
        <th
          class="govuk-table__header"
        >
          Date of birth
        </th>
        <th
          class="govuk-table__header"
        >
          Assessment type
        </th>
      </tr>
    </thead>
    <tbody
      class="govuk-table__body"
    >
      <tr
        class="govuk-table__row"
      >
        <td
          class="govuk-table__cell"
        >
          87987 
        </td>
        <td
          class="govuk-table__cell"
        >
          <a
            class="govuk-link"
            href="/people/87987"
          >
            James Smith
          </a>
        </td>
        <td
          class="govuk-table__cell"
        >
           Flat 11, Test road, E2 8TF
        </td>
        <td
          class="govuk-table__cell"
        >
           1/21/2021
        </td>
        <td
          class="govuk-table__cell"
        >
           Long Term - case type: reviews
        </td>
      </tr>
    </tbody>
  </table>
</DocumentFragment>
`;
