// Jest Snapshot v1, https://goo.gl/fbAQLP

exports[`CaseNote should display case note 1`] = `
<DocumentFragment>
  <div
    class="govuk-!-margin-bottom-7"
  >
    <div
      class="lbh-table-header"
    >
      <h3
        class="lbh-heading-h2 section-heading"
      >
        Case notes recording
      </h3>
    </div>
    <dl
      class="govuk-summary-list  lbh-summary-list"
    >
      <div
        class="govuk-summary-list__row"
      >
        <dt
          class="govuk-summary-list__key"
        >
          Case Note Type
        </dt>
        <dd
          class="govuk-summary-list__value"
        >
          Foo bar
        </dd>
      </div>
      <div
        class="govuk-summary-list__row"
      >
        <dt
          class="govuk-summary-list__key"
        >
          Date of Event
        </dt>
        <dd
          class="govuk-summary-list__value"
        >
          Invalid Date
        </dd>
      </div>
      <div
        class="govuk-summary-list__row"
      >
        <dt
          class="govuk-summary-list__key"
        >
          Case Note Title
        </dt>
        <dd
          class="govuk-summary-list__value"
        >
          i am a case title
        </dd>
      </div>
    </dl>
  </div>
</DocumentFragment>
`;
