// Jest Snapshot v1, https://goo.gl/fbAQLP

exports[`HistoricNote should display historic case note 1`] = `
<DocumentFragment>
  <h3
    class="lbh-heading-h2 section-heading"
  >
    Foo
  </h3>
  <dl
    class="govuk-summary-list lbh-summary-list govuk-!-margin-bottom-2"
  >
    <div
      class="govuk-summary-list__row"
    >
      <dt
        class="govuk-summary-list__key"
      >
        Form name
      </dt>
      <dd
        class="govuk-summary-list__value"
      >
        Foo Bar
      </dd>
    </div>
    <div
      class="govuk-summary-list__row"
    >
      <dt
        class="govuk-summary-list__key"
      >
        Created by
      </dt>
      <dd
        class="govuk-summary-list__value"
      >
        foo@hackney.gov.uk
      </dd>
    </div>
    <div
      class="govuk-summary-list__row"
    >
      <dt
        class="govuk-summary-list__key"
      >
        Date of event
      </dt>
      <dd
        class="govuk-summary-list__value"
      >
        03/11/2021
      </dd>
    </div>
  </dl>
  <div
    class="pageView"
  >
    <div
      class="content"
    >
      I am historic content
    </div>
  </div>
</DocumentFragment>
`;
