// Jest Snapshot v1, https://goo.gl/fbAQLP

exports[`HistoricNote should display historic case note 1`] = `
<DocumentFragment>
  <h3
    class="govuk-heading-m govuk-custom-text-color govuk-!-margin-bottom-0"
  >
    FOO
    <hr
      class="govuk-divider"
    />
  </h3>
  <dl
    class="govuk-summary-list govuk-!-margin-bottom-2"
  >
    <div
      class="govuk-summary-list__row"
    >
      <dt
        class="govuk-summary-list__key"
      >
        Form name
      </dt>
      <dd
        class="govuk-summary-list__value"
      >
        Foo Bar
      </dd>
    </div>
    <div
      class="govuk-summary-list__row"
    >
      <dt
        class="govuk-summary-list__key"
      >
        Created by
      </dt>
      <dd
        class="govuk-summary-list__value"
      >
        foo@hackney.gov.uk
      </dd>
    </div>
    <div
      class="govuk-summary-list__row"
    >
      <dt
        class="govuk-summary-list__key"
      >
        Date of event
      </dt>
      <dd
        class="govuk-summary-list__value"
      >
        03/11/2021
      </dd>
    </div>
  </dl>
  <div
    class="pageView"
  >
    <span
      class="gov-weight-lighter title"
    >
      Content
    </span>
    <div
      class="content"
    >
      I am historic content
    </div>
  </div>
</DocumentFragment>
`;
