// Jest Snapshot v1, https://goo.gl/fbAQLP

exports[`PageView should render component 1`] = `
<DocumentFragment>
  <h3
    class="lbh-heading-h2 section-heading"
  >
    Foo
  </h3>
  <dl
    class="govuk-summary-list lbh-summary-list govuk-!-margin-bottom-2"
  >
    <div
      class="govuk-summary-list__row"
    >
      <dt
        class="govuk-summary-list__key"
      >
        Form name
      </dt>
      <dd
        class="govuk-summary-list__value"
      >
        Bar
      </dd>
    </div>
    <div
      class="govuk-summary-list__row"
    >
      <dt
        class="govuk-summary-list__key"
      >
        Created by
      </dt>
      <dd
        class="govuk-summary-list__value"
      >
        test@test.com
      </dd>
    </div>
    <div
      class="govuk-summary-list__row"
    >
      <dt
        class="govuk-summary-list__key"
      >
        Date of event
      </dt>
      <dd
        class="govuk-summary-list__value"
      >
        5/6/2020
      </dd>
    </div>
  </dl>
  <div
    class="pageView"
  >
    <div
      class="content"
    >
      Foo Bar
    </div>
  </div>
</DocumentFragment>
`;
