// Jest Snapshot v1, https://goo.gl/fbAQLP

exports[`AddAllocation should render properly 1`] = `
<DocumentFragment>
  <form
    role="form"
  >
    <div
      aria-expanded="true"
      aria-haspopup="listbox"
      aria-labelledby="downshift-0-label"
      aria-owns="downshift-0-menu"
      class="lbh-form-group govuk-form-group"
      role="combobox"
    >
      <label
        class="govuk-label lbh-label"
        id="downshift-0-label"
      >
        Select a team 
        <span
          class="lbh-required"
        >
          *
        </span>
      </label>
      <div
        class="inputContainer"
      >
        <input
          aria-autocomplete="list"
          aria-controls="downshift-0-menu"
          aria-labelledby="downshift-0-label"
          autocomplete="off"
          class="lbh-input govuk-input govuk-input--width-20 "
          data-testid="teamId"
          id="teamId"
          placeholder="Select or type team name"
          value="Team 3"
        />
        <button
          aria-haspopup="true"
          aria-label="toggle menu"
          class="button"
          data-toggle="true"
          role="button"
          type="button"
        >
          <svg
            fill="none"
            height="10"
            viewBox="0 0 17 10"
            width="17"
          >
            <path
              d="M2 1.5L8.5 7.5L15 1.5"
              stroke="#0B0C0C"
              stroke-width="3"
            />
          </svg>
        </button>
        <ul
          aria-labelledby="downshift-0-label"
          class="list"
          id="downshift-0-menu"
          role="listbox"
          style="border-bottom: 1px solid #aaa;"
        >
          <li
            aria-selected="false"
            class="option"
            data-testid="teamId_0"
            id="downshift-0-item-0"
            role="option"
            style="color: rgb(0, 0, 0); background-color: rgb(255, 255, 255);"
          >
            Team 3
          </li>
        </ul>
      </div>
    </div>
    <div
      class="govuk-form-group lbh-form-group"
    >
      <label
        class="lbh-label govuk-label"
        for="priority"
      >
        Choose a priority rating 
        <span
          class="govuk-required"
        >
          *
        </span>
      </label>
      <div
        class="govuk-radios lbh-radios"
      >
        <div
          class="govuk-radios__item"
        >
          <input
            class="govuk-radios__input"
            id="priority_purple"
            name="priority"
            type="radio"
            value="purple"
          />
          <label
            class="govuk-label govuk-radios__label"
            for="priority_purple"
          >
            Urgent priority
          </label>
        </div>
        <div
          class="govuk-radios__item"
        >
          <input
            class="govuk-radios__input"
            id="priority_red"
            name="priority"
            type="radio"
            value="red"
          />
          <label
            class="govuk-label govuk-radios__label"
            for="priority_red"
          >
            High priority
          </label>
        </div>
        <div
          class="govuk-radios__item"
        >
          <input
            class="govuk-radios__input"
            id="priority_amber"
            name="priority"
            type="radio"
            value="amber"
          />
          <label
            class="govuk-label govuk-radios__label"
            for="priority_amber"
          >
            Medium priority
          </label>
        </div>
        <div
          class="govuk-radios__item"
        >
          <input
            class="govuk-radios__input"
            id="priority_green"
            name="priority"
            type="radio"
            value="green"
          />
          <label
            class="govuk-label govuk-radios__label"
            for="priority_green"
          >
            Low priority
          </label>
        </div>
        <div
          class="govuk-radios__item"
        >
          <input
            class="govuk-radios__input"
            id="priority_white"
            name="priority"
            type="radio"
            value="white"
          />
          <label
            class="govuk-label govuk-radios__label"
            for="priority_white"
          >
            No priority
          </label>
        </div>
      </div>
    </div>
    <div
      class="govuk-form-group lbh-form-group"
    >
      <label
        class="govuk-label lbh-label"
        for="allocationStartDate"
      >
        Select an allocation date 
        <span
          class="govuk-required"
        >
          *
        </span>
      </label>
      <input
        class="govuk-input lbh-input govuk-input--width-10"
        data-testid="allocationStartDate"
        id="allocationStartDate"
        name="allocationStartDate"
        type="date"
        value="2022-03-18"
      />
    </div>
    <br />
    <button
      class="lbh-button govuk-button"
      data-module="govuk-button"
      disabled=""
      type="submit"
    >
      Continue
    </button>
    MockedSpinner
  </form>
</DocumentFragment>
`;
