// Jest Snapshot v1, https://goo.gl/fbAQLP

exports[`BackButton should render properly 1`] = `
<DocumentFragment>
  <div
    class="lbh-container"
  >
    <a
      class="govuk-back-link lbh-back-link lbh-link--no-visited-state"
      href="#"
    >
      Go back
    </a>
  </div>
</DocumentFragment>
`;
