// Jest Snapshot v1, https://goo.gl/fbAQLP

exports[`Tabs should render properly 1`] = `
<DocumentFragment>
  <div
    class="govuk-tabs lbh-tabs"
  >
    <h2
      class="govuk-tabs__title"
    >
      foo
    </h2>
    <ul
      class="tabList"
    >
      <li
        class="lbh-body tab active"
      >
        <a
          class="lbh-link lbh-link--no-visited-state link"
          href="/foo"
        >
          foo
        </a>
      </li>
      <li
        class="lbh-body tab"
      >
        <a
          class="lbh-link lbh-link--no-visited-state link"
          href="/bar"
        >
          bar
        </a>
      </li>
    </ul>
    <p>
      I am the content!
    </p>
  </div>
</DocumentFragment>
`;
